// Vitest Snapshot v1, https://vitest.dev/guide/snapshot.html

exports[`import vue components > mount component 1`] = `
"<div>4 x 2 = 8</div>
<button> x1 </button>"
`;
